Archive member included because of file (symbol)

c:/program files (x86)/atmel/atmel studio 6.0/extensions/atmel/avrgcc/3.4.1.95/avrtoolchain/bin/../lib/gcc/avr/4.6.2/avr5\libgcc.a(_exit.o)
                              c:/program files (x86)/atmel/atmel studio 6.0/extensions/atmel/avrgcc/3.4.1.95/avrtoolchain/bin/../lib/gcc/avr/4.6.2/../../../../avr/lib/avr5/crtm32.o (exit)
c:/program files (x86)/atmel/atmel studio 6.0/extensions/atmel/avrgcc/3.4.1.95/avrtoolchain/bin/../lib/gcc/avr/4.6.2/avr5\libgcc.a(_copy_data.o)
                              App.o (__do_copy_data)
c:/program files (x86)/atmel/atmel studio 6.0/extensions/atmel/avrgcc/3.4.1.95/avrtoolchain/bin/../lib/gcc/avr/4.6.2/avr5\libgcc.a(_clear_bss.o)
                              App.o (__do_clear_bss)

Allocating common symbols
Common symbol       size              file

TIMER0_CTC_CallBack
                    0x2               TIMR0_prg.o
ptr_func            0x2               App.o
Recieve_Array       0x5               App.o
TIMER0_OV_CallBack  0x2               TIMR0_prg.o
u8recieve_buffer    0x1               App.o

Memory Configuration

Name             Origin             Length             Attributes
text             0x00000000         0x00020000         xr
data             0x00800060         0x0000ffa0         rw !x
eeprom           0x00810000         0x00010000         rw !x
fuse             0x00820000         0x00000400         rw !x
lock             0x00830000         0x00000400         rw !x
signature        0x00840000         0x00000400         rw !x
*default*        0x00000000         0xffffffff

Linker script and memory map

LOAD c:/program files (x86)/atmel/atmel studio 6.0/extensions/atmel/avrgcc/3.4.1.95/avrtoolchain/bin/../lib/gcc/avr/4.6.2/../../../../avr/lib/avr5/crtm32.o
LOAD App.o
LOAD dio.o
LOAD GIE.o
LOAD Schaduller.o
LOAD Scheduler_prog.o
LOAD SPI_Program.o
LOAD TIMR0_prg.o
START GROUP
LOAD c:/program files (x86)/atmel/atmel studio 6.0/extensions/atmel/avrgcc/3.4.1.95/avrtoolchain/bin/../lib/gcc/avr/4.6.2/../../../../avr/lib/avr5\libm.a
END GROUP
LOAD c:/program files (x86)/atmel/atmel studio 6.0/extensions/atmel/avrgcc/3.4.1.95/avrtoolchain/bin/../lib/gcc/avr/4.6.2/avr5\libgcc.a
LOAD c:/program files (x86)/atmel/atmel studio 6.0/extensions/atmel/avrgcc/3.4.1.95/avrtoolchain/bin/../lib/gcc/avr/4.6.2/../../../../avr/lib/avr5\libc.a
LOAD c:/program files (x86)/atmel/atmel studio 6.0/extensions/atmel/avrgcc/3.4.1.95/avrtoolchain/bin/../lib/gcc/avr/4.6.2/avr5\libgcc.a

.hash
 *(.hash)

.dynsym
 *(.dynsym)

.dynstr
 *(.dynstr)

.gnu.version
 *(.gnu.version)

.gnu.version_d
 *(.gnu.version_d)

.gnu.version_r
 *(.gnu.version_r)

.rel.init
 *(.rel.init)

.rela.init
 *(.rela.init)

.rel.text
 *(.rel.text)
 *(.rel.text.*)
 *(.rel.gnu.linkonce.t*)

.rela.text
 *(.rela.text)
 *(.rela.text.*)
 *(.rela.gnu.linkonce.t*)

.rel.fini
 *(.rel.fini)

.rela.fini
 *(.rela.fini)

.rel.rodata
 *(.rel.rodata)
 *(.rel.rodata.*)
 *(.rel.gnu.linkonce.r*)

.rela.rodata
 *(.rela.rodata)
 *(.rela.rodata.*)
 *(.rela.gnu.linkonce.r*)

.rel.data
 *(.rel.data)
 *(.rel.data.*)
 *(.rel.gnu.linkonce.d*)

.rela.data
 *(.rela.data)
 *(.rela.data.*)
 *(.rela.gnu.linkonce.d*)

.rel.ctors
 *(.rel.ctors)

.rela.ctors
 *(.rela.ctors)

.rel.dtors
 *(.rel.dtors)

.rela.dtors
 *(.rela.dtors)

.rel.got
 *(.rel.got)

.rela.got
 *(.rela.got)

.rel.bss
 *(.rel.bss)

.rela.bss
 *(.rela.bss)

.rel.plt
 *(.rel.plt)

.rela.plt
 *(.rela.plt)

.text           0x00000000      0x996
 *(.vectors)
 .vectors       0x00000000       0x54 c:/program files (x86)/atmel/atmel studio 6.0/extensions/atmel/avrgcc/3.4.1.95/avrtoolchain/bin/../lib/gcc/avr/4.6.2/../../../../avr/lib/avr5/crtm32.o
                0x00000000                __vector_default
                0x00000000                __vectors
 *(.vectors)
 *(.progmem.gcc*)
 *(.progmem*)
                0x00000054                . = ALIGN (0x2)
                0x00000054                __trampolines_start = .
 *(.trampolines)
 .trampolines   0x00000054        0x0 linker stubs
 *(.trampolines*)
                0x00000054                __trampolines_end = .
 *(.jumptables)
 *(.jumptables*)
 *(.lowtext)
 *(.lowtext*)
                0x00000054                __ctors_start = .
 *(.ctors)
                0x00000054                __ctors_end = .
                0x00000054                __dtors_start = .
 *(.dtors)
                0x00000054                __dtors_end = .
 SORT(*)(.ctors)
 SORT(*)(.dtors)
 *(.init0)
 .init0         0x00000054        0x0 c:/program files (x86)/atmel/atmel studio 6.0/extensions/atmel/avrgcc/3.4.1.95/avrtoolchain/bin/../lib/gcc/avr/4.6.2/../../../../avr/lib/avr5/crtm32.o
                0x00000054                __init
 *(.init0)
 *(.init1)
 *(.init1)
 *(.init2)
 .init2         0x00000054        0xc c:/program files (x86)/atmel/atmel studio 6.0/extensions/atmel/avrgcc/3.4.1.95/avrtoolchain/bin/../lib/gcc/avr/4.6.2/../../../../avr/lib/avr5/crtm32.o
 *(.init2)
 *(.init3)
 *(.init3)
 *(.init4)
 .init4         0x00000060       0x16 c:/program files (x86)/atmel/atmel studio 6.0/extensions/atmel/avrgcc/3.4.1.95/avrtoolchain/bin/../lib/gcc/avr/4.6.2/avr5\libgcc.a(_copy_data.o)
                0x00000060                __do_copy_data
 .init4         0x00000076       0x10 c:/program files (x86)/atmel/atmel studio 6.0/extensions/atmel/avrgcc/3.4.1.95/avrtoolchain/bin/../lib/gcc/avr/4.6.2/avr5\libgcc.a(_clear_bss.o)
                0x00000076                __do_clear_bss
 *(.init4)
 *(.init5)
 *(.init5)
 *(.init6)
 *(.init6)
 *(.init7)
 *(.init7)
 *(.init8)
 *(.init8)
 *(.init9)
 .init9         0x00000086        0x8 c:/program files (x86)/atmel/atmel studio 6.0/extensions/atmel/avrgcc/3.4.1.95/avrtoolchain/bin/../lib/gcc/avr/4.6.2/../../../../avr/lib/avr5/crtm32.o
 *(.init9)
 *(.text)
 .text          0x0000008e        0x4 c:/program files (x86)/atmel/atmel studio 6.0/extensions/atmel/avrgcc/3.4.1.95/avrtoolchain/bin/../lib/gcc/avr/4.6.2/../../../../avr/lib/avr5/crtm32.o
                0x0000008e                __vector_1
                0x0000008e                __bad_interrupt
                0x0000008e                __vector_6
                0x0000008e                __vector_3
                0x0000008e                __vector_13
                0x0000008e                __vector_17
                0x0000008e                __vector_19
                0x0000008e                __vector_7
                0x0000008e                __vector_5
                0x0000008e                __vector_4
                0x0000008e                __vector_9
                0x0000008e                __vector_2
                0x0000008e                __vector_15
                0x0000008e                __vector_8
                0x0000008e                __vector_14
                0x0000008e                __vector_16
                0x0000008e                __vector_18
                0x0000008e                __vector_20
 .text          0x00000092       0x82 App.o
                0x00000092                Func_recieve_data
                0x0000009c                App_voidIit
                0x000000de                App_vidMain
 .text          0x00000114      0x48e dio.o
                0x00000114                dio_vidConfigChannel
                0x00000212                dio_vidConfigPort
                0x00000234                dio_vidSetPortValue
                0x00000256                dio_vidWriteChannel
                0x00000354                dio_vidWriteChannelGroup
                0x000003e4                dio_vidReadChannelGroup
                0x000003f6                dio_vidFlipChannel
                0x00000470                dio_dioLevelReadChannel
                0x000004d6                dio_vidEnablePullUp
 .text          0x000005a2       0x10 GIE.o
                0x000005a2                GIE_voidGlobalInterruptEnable
                0x000005aa                GIE_voidGlobalInterruptDisable
 .text          0x000005b2        0xa Schaduller.o
                0x000005b2                main
 .text          0x000005bc      0x13a Scheduler_prog.o
                0x0000062c                Start_voidSchaduler
                0x00000648                Create_u8task
                0x0000069e                Resume_voidTask
                0x000006ba                Suspend_voidTask
                0x000006d8                Delete_voidTask
 .text          0x000006f6      0x17c SPI_Program.o
                0x000006f6                __vector_12
                0x00000744                SPI_Init_Master
                0x000007b6                SPI_Init_Slave
                0x00000818                SPI_Send_Receive_Synch_Byte
                0x00000826                SPI_Send_ASynch_Byte
                0x0000082a                SPI_Read_Data
                0x00000832                SPI_Set_CallBack
                0x0000083c                Global_Interrupt_Enable
                0x00000844                Master_Send
                0x0000084a                Slave_Send
                0x00000850                Master_Receive
 .text          0x00000872      0x120 TIMR0_prg.o
                0x00000872                TIMER0_void_Init
                0x000008ba                TIMER0_void_SetTimerReg
                0x000008be                TIMER0_void_SetCompareVal
                0x000008c2                TIMER0_void_EnableOVInt
                0x000008ca                TIMER0_void_DisableOVInt
                0x000008d2                TIMER0_void_EnableCTCInt
                0x000008da                TIMER0_void_DisableCTCInt
                0x000008e2                TIMER0_void_SetOVCallBack
                0x000008ec                TIMER0_void_SetCTCCallBack
                0x000008f6                __vector_11
                0x00000944                __vector_10
 .text          0x00000992        0x0 c:/program files (x86)/atmel/atmel studio 6.0/extensions/atmel/avrgcc/3.4.1.95/avrtoolchain/bin/../lib/gcc/avr/4.6.2/avr5\libgcc.a(_exit.o)
 .text          0x00000992        0x0 c:/program files (x86)/atmel/atmel studio 6.0/extensions/atmel/avrgcc/3.4.1.95/avrtoolchain/bin/../lib/gcc/avr/4.6.2/avr5\libgcc.a(_copy_data.o)
 .text          0x00000992        0x0 c:/program files (x86)/atmel/atmel studio 6.0/extensions/atmel/avrgcc/3.4.1.95/avrtoolchain/bin/../lib/gcc/avr/4.6.2/avr5\libgcc.a(_clear_bss.o)
                0x00000992                . = ALIGN (0x2)
 *(.text.*)
 .text.libgcc   0x00000992        0x0 c:/program files (x86)/atmel/atmel studio 6.0/extensions/atmel/avrgcc/3.4.1.95/avrtoolchain/bin/../lib/gcc/avr/4.6.2/avr5\libgcc.a(_exit.o)
 .text.libgcc   0x00000992        0x0 c:/program files (x86)/atmel/atmel studio 6.0/extensions/atmel/avrgcc/3.4.1.95/avrtoolchain/bin/../lib/gcc/avr/4.6.2/avr5\libgcc.a(_copy_data.o)
 .text.libgcc   0x00000992        0x0 c:/program files (x86)/atmel/atmel studio 6.0/extensions/atmel/avrgcc/3.4.1.95/avrtoolchain/bin/../lib/gcc/avr/4.6.2/avr5\libgcc.a(_clear_bss.o)
                0x00000992                . = ALIGN (0x2)
 *(.fini9)
 .fini9         0x00000992        0x0 c:/program files (x86)/atmel/atmel studio 6.0/extensions/atmel/avrgcc/3.4.1.95/avrtoolchain/bin/../lib/gcc/avr/4.6.2/avr5\libgcc.a(_exit.o)
                0x00000992                _exit
                0x00000992                exit
 *(.fini9)
 *(.fini8)
 *(.fini8)
 *(.fini7)
 *(.fini7)
 *(.fini6)
 *(.fini6)
 *(.fini5)
 *(.fini5)
 *(.fini4)
 *(.fini4)
 *(.fini3)
 *(.fini3)
 *(.fini2)
 *(.fini2)
 *(.fini1)
 *(.fini1)
 *(.fini0)
 .fini0         0x00000992        0x4 c:/program files (x86)/atmel/atmel studio 6.0/extensions/atmel/avrgcc/3.4.1.95/avrtoolchain/bin/../lib/gcc/avr/4.6.2/avr5\libgcc.a(_exit.o)
 *(.fini0)
                0x00000996                _etext = .

.data           0x00800060        0x0 load address 0x00000996
                0x00800060                PROVIDE (__data_start, .)
 *(.data)
 .data          0x00800060        0x0 c:/program files (x86)/atmel/atmel studio 6.0/extensions/atmel/avrgcc/3.4.1.95/avrtoolchain/bin/../lib/gcc/avr/4.6.2/../../../../avr/lib/avr5/crtm32.o
 .data          0x00800060        0x0 App.o
 .data          0x00800060        0x0 dio.o
 .data          0x00800060        0x0 GIE.o
 .data          0x00800060        0x0 Schaduller.o
 .data          0x00800060        0x0 Scheduler_prog.o
 .data          0x00800060        0x0 SPI_Program.o
 .data          0x00800060        0x0 TIMR0_prg.o
 .data          0x00800060        0x0 c:/program files (x86)/atmel/atmel studio 6.0/extensions/atmel/avrgcc/3.4.1.95/avrtoolchain/bin/../lib/gcc/avr/4.6.2/avr5\libgcc.a(_exit.o)
 .data          0x00800060        0x0 c:/program files (x86)/atmel/atmel studio 6.0/extensions/atmel/avrgcc/3.4.1.95/avrtoolchain/bin/../lib/gcc/avr/4.6.2/avr5\libgcc.a(_copy_data.o)
 .data          0x00800060        0x0 c:/program files (x86)/atmel/atmel studio 6.0/extensions/atmel/avrgcc/3.4.1.95/avrtoolchain/bin/../lib/gcc/avr/4.6.2/avr5\libgcc.a(_clear_bss.o)
 *(.data*)
 *(.rodata)
 *(.rodata*)
 *(.gnu.linkonce.d*)
                0x00800060                . = ALIGN (0x2)
                0x00800060                _edata = .
                0x00800060                PROVIDE (__data_end, .)

.bss            0x00800060       0x22
                0x00800060                PROVIDE (__bss_start, .)
 *(.bss)
 .bss           0x00800060        0x0 c:/program files (x86)/atmel/atmel studio 6.0/extensions/atmel/avrgcc/3.4.1.95/avrtoolchain/bin/../lib/gcc/avr/4.6.2/../../../../avr/lib/avr5/crtm32.o
 .bss           0x00800060        0x1 App.o
                0x00800060                u8counter
 .bss           0x00800061        0x0 dio.o
 .bss           0x00800061        0x0 GIE.o
 .bss           0x00800061        0x0 Schaduller.o
 .bss           0x00800061       0x15 Scheduler_prog.o
                0x00800061                System_Tasks
 .bss           0x00800076        0x0 SPI_Program.o
 .bss           0x00800076        0x0 TIMR0_prg.o
 .bss           0x00800076        0x0 c:/program files (x86)/atmel/atmel studio 6.0/extensions/atmel/avrgcc/3.4.1.95/avrtoolchain/bin/../lib/gcc/avr/4.6.2/avr5\libgcc.a(_exit.o)
 .bss           0x00800076        0x0 c:/program files (x86)/atmel/atmel studio 6.0/extensions/atmel/avrgcc/3.4.1.95/avrtoolchain/bin/../lib/gcc/avr/4.6.2/avr5\libgcc.a(_copy_data.o)
 .bss           0x00800076        0x0 c:/program files (x86)/atmel/atmel studio 6.0/extensions/atmel/avrgcc/3.4.1.95/avrtoolchain/bin/../lib/gcc/avr/4.6.2/avr5\libgcc.a(_clear_bss.o)
 *(.bss*)
 *(COMMON)
 COMMON         0x00800076        0x8 App.o
                0x00800076                ptr_func
                0x00800078                Recieve_Array
                0x0080007d                u8recieve_buffer
 COMMON         0x0080007e        0x4 TIMR0_prg.o
                0x0080007e                TIMER0_CTC_CallBack
                0x00800080                TIMER0_OV_CallBack
                0x00800082                PROVIDE (__bss_end, .)
                0x00000996                __data_load_start = LOADADDR (.data)
                0x00000996                __data_load_end = (__data_load_start + SIZEOF (.data))

.noinit         0x00800082        0x0
                0x00800082                PROVIDE (__noinit_start, .)
 *(.noinit*)
                0x00800082                PROVIDE (__noinit_end, .)
                0x00800082                _end = .
                0x00800082                PROVIDE (__heap_start, .)

.eeprom         0x00810000        0x0
 *(.eeprom*)
                0x00810000                __eeprom_end = .

.fuse
 *(.fuse)
 *(.lfuse)
 *(.hfuse)
 *(.efuse)

.lock
 *(.lock*)

.signature
 *(.signature*)

.stab           0x00000000      0x6cc
 *(.stab)
 .stab          0x00000000      0x6cc c:/program files (x86)/atmel/atmel studio 6.0/extensions/atmel/avrgcc/3.4.1.95/avrtoolchain/bin/../lib/gcc/avr/4.6.2/../../../../avr/lib/avr5/crtm32.o

.stabstr        0x00000000       0x85
 *(.stabstr)
 .stabstr       0x00000000       0x85 c:/program files (x86)/atmel/atmel studio 6.0/extensions/atmel/avrgcc/3.4.1.95/avrtoolchain/bin/../lib/gcc/avr/4.6.2/../../../../avr/lib/avr5/crtm32.o

.stab.excl
 *(.stab.excl)

.stab.exclstr
 *(.stab.exclstr)

.stab.index
 *(.stab.index)

.stab.indexstr
 *(.stab.indexstr)

.comment
 *(.comment)

.debug
 *(.debug)

.line
 *(.line)

.debug_srcinfo
 *(.debug_srcinfo)

.debug_sfnames
 *(.debug_sfnames)

.debug_aranges  0x00000000      0x140
 *(.debug_aranges)
 .debug_aranges
                0x00000000       0x20 App.o
 .debug_aranges
                0x00000020       0x20 dio.o
 .debug_aranges
                0x00000040       0x20 GIE.o
 .debug_aranges
                0x00000060       0x20 Schaduller.o
 .debug_aranges
                0x00000080       0x20 Scheduler_prog.o
 .debug_aranges
                0x000000a0       0x20 SPI_Program.o
 .debug_aranges
                0x000000c0       0x20 TIMR0_prg.o
 .debug_aranges
                0x000000e0       0x20 c:/program files (x86)/atmel/atmel studio 6.0/extensions/atmel/avrgcc/3.4.1.95/avrtoolchain/bin/../lib/gcc/avr/4.6.2/avr5\libgcc.a(_exit.o)
 .debug_aranges
                0x00000100       0x20 c:/program files (x86)/atmel/atmel studio 6.0/extensions/atmel/avrgcc/3.4.1.95/avrtoolchain/bin/../lib/gcc/avr/4.6.2/avr5\libgcc.a(_copy_data.o)
 .debug_aranges
                0x00000120       0x20 c:/program files (x86)/atmel/atmel studio 6.0/extensions/atmel/avrgcc/3.4.1.95/avrtoolchain/bin/../lib/gcc/avr/4.6.2/avr5\libgcc.a(_clear_bss.o)

.debug_pubnames
 *(.debug_pubnames)

.debug_info     0x00000000     0x11d7
 *(.debug_info)
 .debug_info    0x00000000      0x2e4 App.o
 .debug_info    0x000002e4      0x373 dio.o
 .debug_info    0x00000657       0x99 GIE.o
 .debug_info    0x000006f0       0x85 Schaduller.o
 .debug_info    0x00000775      0x236 Scheduler_prog.o
 .debug_info    0x000009ab      0x38b SPI_Program.o
 .debug_info    0x00000d36      0x20a TIMR0_prg.o
 .debug_info    0x00000f40       0xdd c:/program files (x86)/atmel/atmel studio 6.0/extensions/atmel/avrgcc/3.4.1.95/avrtoolchain/bin/../lib/gcc/avr/4.6.2/avr5\libgcc.a(_exit.o)
 .debug_info    0x0000101d       0xdd c:/program files (x86)/atmel/atmel studio 6.0/extensions/atmel/avrgcc/3.4.1.95/avrtoolchain/bin/../lib/gcc/avr/4.6.2/avr5\libgcc.a(_copy_data.o)
 .debug_info    0x000010fa       0xdd c:/program files (x86)/atmel/atmel studio 6.0/extensions/atmel/avrgcc/3.4.1.95/avrtoolchain/bin/../lib/gcc/avr/4.6.2/avr5\libgcc.a(_clear_bss.o)
 *(.gnu.linkonce.wi.*)

.debug_abbrev   0x00000000      0x6b3
 *(.debug_abbrev)
 .debug_abbrev  0x00000000      0x1ac App.o
 .debug_abbrev  0x000001ac      0x114 dio.o
 .debug_abbrev  0x000002c0       0x41 GIE.o
 .debug_abbrev  0x00000301       0x41 Schaduller.o
 .debug_abbrev  0x00000342      0x12b Scheduler_prog.o
 .debug_abbrev  0x0000046d      0x151 SPI_Program.o
 .debug_abbrev  0x000005be       0xb9 TIMR0_prg.o
 .debug_abbrev  0x00000677       0x14 c:/program files (x86)/atmel/atmel studio 6.0/extensions/atmel/avrgcc/3.4.1.95/avrtoolchain/bin/../lib/gcc/avr/4.6.2/avr5\libgcc.a(_exit.o)
 .debug_abbrev  0x0000068b       0x14 c:/program files (x86)/atmel/atmel studio 6.0/extensions/atmel/avrgcc/3.4.1.95/avrtoolchain/bin/../lib/gcc/avr/4.6.2/avr5\libgcc.a(_copy_data.o)
 .debug_abbrev  0x0000069f       0x14 c:/program files (x86)/atmel/atmel studio 6.0/extensions/atmel/avrgcc/3.4.1.95/avrtoolchain/bin/../lib/gcc/avr/4.6.2/avr5\libgcc.a(_clear_bss.o)

.debug_line     0x00000000      0x675
 *(.debug_line)
 .debug_line    0x00000000      0x1be App.o
 .debug_line    0x000001be       0xbf dio.o
 .debug_line    0x0000027d       0x49 GIE.o
 .debug_line    0x000002c6       0x44 Schaduller.o
 .debug_line    0x0000030a       0x97 Scheduler_prog.o
 .debug_line    0x000003a1       0xaf SPI_Program.o
 .debug_line    0x00000450       0x7e TIMR0_prg.o
 .debug_line    0x000004ce       0x88 c:/program files (x86)/atmel/atmel studio 6.0/extensions/atmel/avrgcc/3.4.1.95/avrtoolchain/bin/../lib/gcc/avr/4.6.2/avr5\libgcc.a(_exit.o)
 .debug_line    0x00000556       0x91 c:/program files (x86)/atmel/atmel studio 6.0/extensions/atmel/avrgcc/3.4.1.95/avrtoolchain/bin/../lib/gcc/avr/4.6.2/avr5\libgcc.a(_copy_data.o)
 .debug_line    0x000005e7       0x8e c:/program files (x86)/atmel/atmel studio 6.0/extensions/atmel/avrgcc/3.4.1.95/avrtoolchain/bin/../lib/gcc/avr/4.6.2/avr5\libgcc.a(_clear_bss.o)

.debug_frame    0x00000000      0x474
 *(.debug_frame)
 .debug_frame   0x00000000       0x54 App.o
 .debug_frame   0x00000054       0xa4 dio.o
 .debug_frame   0x000000f8       0x34 GIE.o
 .debug_frame   0x0000012c       0x24 Schaduller.o
 .debug_frame   0x00000150       0x9c Scheduler_prog.o
 .debug_frame   0x000001ec      0x134 SPI_Program.o
 .debug_frame   0x00000320      0x154 TIMR0_prg.o

.debug_str      0x00000000      0x749
 *(.debug_str)
 .debug_str     0x00000000      0x223 App.o
                                0x25e (size before relaxing)
 .debug_str     0x00000223      0x17a dio.o
                                0x26e (size before relaxing)
 .debug_str     0x0000039d       0x48 GIE.o
                                 0xf1 (size before relaxing)
 .debug_str     0x000003e5       0x17 Schaduller.o
                                 0xce (size before relaxing)
 .debug_str     0x000003fc      0x10e Scheduler_prog.o
                                0x1f2 (size before relaxing)
 .debug_str     0x0000050a       0xfc SPI_Program.o
                                0x2a7 (size before relaxing)
 .debug_str     0x00000606      0x143 TIMR0_prg.o
                                0x21e (size before relaxing)

.debug_loc      0x00000000      0x9c7
 *(.debug_loc)
 .debug_loc     0x00000000       0x90 App.o
 .debug_loc     0x00000090      0x442 dio.o
 .debug_loc     0x000004d2      0x159 Scheduler_prog.o
 .debug_loc     0x0000062b      0x206 SPI_Program.o
 .debug_loc     0x00000831      0x196 TIMR0_prg.o

.debug_macinfo
 *(.debug_macinfo)
OUTPUT(Schaduller.elf elf32-avr)
LOAD linker stubs
